############################################################
PROGRAM : jbofihe -x -b
========================================
STDIN :
----------
ba'u
-------------------------
========================================
NOTE : Good cmavo for sanity check
========================================
Exit status : 0
Core dumped : NO
Signal      : 0
========================================
__STDOUT
----------
ba'u             
{exaggeration..} 

-------------------------
__STDERR
----------
-------------------------
############################################################
PROGRAM : jbofihe -x -b
========================================
STDIN :
----------
bi'a
-------------------------
========================================
NOTE : Good cmavo but parse error for sanity check
========================================
Exit status : 3
Core dumped : NO
Signal      : 0
========================================
__STDOUT
----------
-------------------------
__STDERR
----------
Bad cmavo [bi'a] at line 1 column 1
-------------------------
############################################################
PROGRAM : jbofihe -x -b
========================================
STDIN :
----------
ba'ua
-------------------------
========================================
NOTE : Bad cmavo, start looks like good one
========================================
Exit status : 3
  ###FAILURE### ---> EXPECTED STATUS WAS 2
Core dumped : NO
Signal      : 0
========================================
__STDOUT
----------
-------------------------
__STDERR
----------
Unrecognizable word 'ba'ua' at line 1 column 1
-------------------------
############################################################
PROGRAM : jbofihe -x -b
========================================
STDIN :
----------
bia
-------------------------
========================================
Exit status : 3
Core dumped : NO
Signal      : 0
========================================
__STDOUT
----------
-------------------------
__STDERR
----------
Unrecognizable word 'bia' at line 1 column 1
-------------------------
############################################################
PROGRAM : jbofihe -x -b
========================================
STDIN :
----------
bya
-------------------------
========================================
Exit status : 3
Core dumped : NO
Signal      : 0
========================================
__STDOUT
----------
-------------------------
__STDERR
----------
Unrecognizable word 'bya' at line 1 column 1
-------------------------
############################################################
PROGRAM : jbofihe -x -b
========================================
STDIN :
----------
byy
-------------------------
========================================
Exit status : 3
Core dumped : NO
Signal      : 0
========================================
__STDOUT
----------
-------------------------
__STDERR
----------
Unrecognizable word 'byy' at line 1 column 1
-------------------------
############################################################
PROGRAM : jbofihe -x -b
========================================
STDIN :
----------
xia
-------------------------
========================================
Exit status : 3
Core dumped : NO
Signal      : 0
========================================
__STDOUT
----------
-------------------------
__STDERR
----------
Unrecognizable word 'xia' at line 1 column 1
-------------------------
############################################################
PROGRAM : jbofihe -x -b
========================================
STDIN :
----------
xya
-------------------------
========================================
Exit status : 3
Core dumped : NO
Signal      : 0
========================================
__STDOUT
----------
-------------------------
__STDERR
----------
Unrecognizable word 'xya' at line 1 column 1
-------------------------
############################################################
PROGRAM : jbofihe -x -b
========================================
STDIN :
----------
xyy
-------------------------
========================================
Exit status : 3
Core dumped : NO
Signal      : 0
========================================
__STDOUT
----------
-------------------------
__STDERR
----------
Unrecognizable word 'xyy' at line 1 column 1
-------------------------
############################################################
PROGRAM : jbofihe -x -b
========================================
STDIN :
----------
xa'i
-------------------------
========================================
Exit status : 3
Core dumped : NO
Signal      : 0
========================================
__STDOUT
----------
-------------------------
__STDERR
----------
Bad cmavo [xa'i] at line 1 column 1
-------------------------
############################################################
PROGRAM : jbofihe -x -b
========================================
STDIN :
----------
xai'i
-------------------------
========================================
Exit status : 3
Core dumped : NO
Signal      : 0
========================================
__STDOUT
----------
-------------------------
__STDERR
----------
Bad cmavo [xai'i] at line 1 column 1
-------------------------
############################################################
PROGRAM : jbofihe -x -b
========================================
STDIN :
----------
xa'ai
-------------------------
========================================
Exit status : 3
Core dumped : NO
Signal      : 0
========================================
__STDOUT
----------
-------------------------
__STDERR
----------
Bad cmavo [xa'ai] at line 1 column 1
-------------------------
############################################################
PROGRAM : jbofihe -x -b
========================================
STDIN :
----------
xai'ai
-------------------------
========================================
Exit status : 3
Core dumped : NO
Signal      : 0
========================================
__STDOUT
----------
-------------------------
__STDERR
----------
Bad cmavo [xai'ai] at line 1 column 1
-------------------------
############################################################
PROGRAM : jbofihe -x -b
========================================
STDIN :
----------
xai'a'i
-------------------------
========================================
Exit status : 3
Core dumped : NO
Signal      : 0
========================================
__STDOUT
----------
-------------------------
__STDERR
----------
Bad cmavo [xai'a'i] at line 1 column 1
-------------------------
############################################################
PROGRAM : jbofihe -x -b
========================================
STDIN :
----------
b'ai
-------------------------
========================================
Exit status : 3
Core dumped : NO
Signal      : 0
========================================
__STDOUT
----------
-------------------------
__STDERR
----------
Unrecognizable word 'b'ai' at line 1 column 1
-------------------------
############################################################
PROGRAM : jbofihe -x -b
========================================
STDIN :
----------
x'ai
-------------------------
========================================
Exit status : 3
Core dumped : NO
Signal      : 0
========================================
__STDOUT
----------
-------------------------
__STDERR
----------
Unrecognizable word 'x'ai' at line 1 column 1
-------------------------
############################################################
PROGRAM : jbofihe -x -b
========================================
STDIN :
----------
b'a
-------------------------
========================================
Exit status : 3
Core dumped : NO
Signal      : 0
========================================
__STDOUT
----------
-------------------------
__STDERR
----------
Unrecognizable word 'b'a' at line 1 column 1
-------------------------
############################################################
PROGRAM : jbofihe -x -b
========================================
STDIN :
----------
x'a
-------------------------
========================================
Exit status : 3
Core dumped : NO
Signal      : 0
========================================
__STDOUT
----------
-------------------------
__STDERR
----------
Unrecognizable word 'x'a' at line 1 column 1
-------------------------
############################################################
PROGRAM : jbofihe -x -b
========================================
STDIN :
----------
BAI
-------------------------
========================================
Exit status : 3
Core dumped : NO
Signal      : 0
========================================
__STDOUT
----------
-------------------------
__STDERR
----------
Invalid uppercase letters in word 'BAI' at line 1 column 1
-------------------------
############################################################
PROGRAM : jbofihe -x -b
========================================
STDIN :
----------
BAIle
-------------------------
========================================
Exit status : 3
Core dumped : NO
Signal      : 0
========================================
__STDOUT
----------
-------------------------
__STDERR
----------
Invalid uppercase letters in word 'BAIle' at line 1 column 1
-------------------------
############################################################
PROGRAM : jbofihe -x -b
========================================
STDIN :
----------
BAILE
-------------------------
========================================
Exit status : 3
Core dumped : NO
Signal      : 0
========================================
__STDOUT
----------
-------------------------
__STDERR
----------
Invalid uppercase letters in word 'BAILE' at line 1 column 1
-------------------------
############################################################
PROGRAM : jbofihe -x -b
========================================
STDIN :
----------
baiLE
-------------------------
========================================
Exit status : 3
Core dumped : NO
Signal      : 0
========================================
__STDOUT
----------
-------------------------
__STDERR
----------
Invalid uppercase letters in word 'baiLE' at line 1 column 1
-------------------------
