############################################################
PROGRAM : jbofihe -x -b
========================================
STDIN :
----------
ba'e mi klama
-------------------------
========================================
Exit status : 0
Core dumped : NO
Signal      : 0
========================================
__STDOUT
----------
[ ( ba'e              mi    )            << klama  >> ] 
[ ( emphasize next    I, me ) [is, does] << go-ing >> ] 
[ ( klama1 (go-er(s))       )            <<        >> ] 
1 2                         2            3         3  1 

-------------------------
__STDERR
----------
-------------------------
############################################################
PROGRAM : jbofihe -x -b
========================================
STDIN :
----------
za'e mi klama
-------------------------
========================================
Exit status : 0
Core dumped : NO
Signal      : 0
========================================
__STDOUT
----------
[ ( za'e              mi    )            << klama  >> ] 
[ ( nonce-word next   I, me ) [is, does] << go-ing >> ] 
[ ( klama1 (go-er(s))       )            <<        >> ] 
1 2                         2            3         3  1 

-------------------------
__STDERR
----------
-------------------------
############################################################
PROGRAM : jbofihe -x -b
========================================
STDIN :
----------
za'e ba'e mi klama
-------------------------
========================================
Exit status : 0
Core dumped : NO
Signal      : 0
========================================
__STDOUT
----------
[ ( za'e              ba'e           mi    )            << klama  >> ] 
[ ( nonce-word next   emphasize next I, me ) [is, does] << go-ing >> ] 
[ ( klama1 (go-er(s))                      )            <<        >> ] 
1 2                                        2            3         3  1 

-------------------------
__STDERR
----------
-------------------------
############################################################
PROGRAM : jbofihe -x -b
========================================
STDIN :
----------
ba'e za'e mi klama
-------------------------
========================================
Exit status : 0
Core dumped : NO
Signal      : 0
========================================
__STDOUT
----------
[ ( ba'e              za'e            mi    )            << klama  >> ] 
[ ( emphasize next    nonce-word next I, me ) [is, does] << go-ing >> ] 
[ ( klama1 (go-er(s))                       )            <<        >> ] 
1 2                                         2            3         3  1 

-------------------------
__STDERR
----------
-------------------------
############################################################
PROGRAM : jbofihe -x -b
========================================
STDIN :
----------
ba'e za'e mi ba'e klama
-------------------------
========================================
Exit status : 0
Core dumped : NO
Signal      : 0
========================================
__STDOUT
----------
[ ( ba'e              za'e            mi    )            << ba'e           
[ ( emphasize next    nonce-word next I, me ) [is, does] << emphasize next 
[ ( klama1 (go-er(s))                       )            <<                
1 2                                         2            3                 

klama  >> ] 
go-ing >> ] 
       >> ] 
       3  1 

-------------------------
__STDERR
----------
-------------------------
