############################################################
PROGRAM : jbofihe -x -b
========================================
STDIN :
----------
le cevzda .ebazake la ter. cu nelci
-------------------------
========================================
Exit status : 0
Core dumped : NO
Signal      : 0
========================================
__STDOUT
----------
[ (                     / le  cevzda             .e  ba za             ke la 
[ (                    |  the home(s) for god(s) and after medium time       
[ ( nelci1 (like-r(s)) |                                                     
1 2                    3                                                     

ter.   \  ) cu      << nelci   >> ] 
[NAME]  | ) is/does << lik-ing >> ] 
        | )         <<         >> ] 
       3  2         4          4  1 

-------------------------
__STDERR
----------
-------------------------
############################################################
PROGRAM : jbofihe -x -b
========================================
STDIN :
----------
le cevzda .ebazabo la ter. cu nelci
-------------------------
========================================
Exit status : 0
Core dumped : NO
Signal      : 0
========================================
__STDOUT
----------
[ (                     / le  cevzda             .e  ba za             bo la 
[ (                    |  the home(s) for god(s) and after medium time       
[ ( nelci1 (like-r(s)) |                                                     
1 2                    3                                                     

ter.   \  ) cu      << nelci   >> ] 
[NAME]  | ) is/does << lik-ing >> ] 
        | )         <<         >> ] 
       3  2         4          4  1 

-------------------------
__STDERR
----------
-------------------------
############################################################
PROGRAM : jbofihe -x -b
========================================
STDIN :
----------
baza le crisa mi klama
-------------------------
========================================
Exit status : 0
Core dumped : NO
Signal      : 0
========================================
__STDOUT
----------
[ ( ba za             le  crisa     ) ( mi                )            << 
[ ( after medium time the summer(s) ) ( I, me             ) [is, does] << 
[ (                                 ) ( klama1 (go-er(s)) )            << 
1 2                                 2 3                   3            4  

klama  >> ] 
go-ing >> ] 
       >> ] 
       4  1 

-------------------------
__STDERR
----------
-------------------------
############################################################
PROGRAM : jbofihe -x -b
========================================
STDIN :
----------
le baza crisa mi klama
-------------------------
========================================
Exit status : 0
Core dumped : NO
Signal      : 0
========================================
__STDOUT
----------
[ ( le                ba za             crisa     ) ( mi                      
[ ( the               after medium time summer(s) ) ( I, me                   
[ ( klama1 (go-er(s))                             ) ( klama2 (destination(s)) 
1 2                                               2 3                         

)            << klama  >> ] 
) [is, does] << go-ing >> ] 
)            <<        >> ] 
3            4         4  1 

-------------------------
__STDERR
----------
-------------------------
############################################################
PROGRAM : jbofihe -x -b
========================================
STDIN :
----------
mi baza klama
-------------------------
========================================
Exit status : 0
Core dumped : NO
Signal      : 0
========================================
__STDOUT
----------
[ ( mi                )            << ba za          klama  >> ] 
[ ( I, me             ) [is, does] << somewhat after go-ing >> ] 
[ ( klama1 (go-er(s)) )            <<                       >> ] 
1 2                   2            3                        3  1 

-------------------------
__STDERR
----------
-------------------------
############################################################
PROGRAM : jbofihe -x -b
========================================
STDIN :
----------
mi bazaku klama
-------------------------
========================================
Exit status : 0
Core dumped : NO
Signal      : 0
========================================
__STDOUT
----------
[ ( mi                ) ( ba za          ku )            << klama  >> ] 
[ ( I, me             ) ( somewhat after    ) [is, does] << go-ing >> ] 
[ ( klama1 (go-er(s)) ) (                   )            <<        >> ] 
1 2                   2 3                   3            4         4  1 

-------------------------
__STDERR
----------
-------------------------
############################################################
PROGRAM : jbofihe -x -b
========================================
STDIN :
----------
baza ku mi klama
-------------------------
========================================
Exit status : 0
Core dumped : NO
Signal      : 0
========================================
__STDOUT
----------
[ ( ba za          ku ) ( mi                )            << klama  >> ] 
[ ( somewhat after    ) ( I, me             ) [is, does] << go-ing >> ] 
[ (                   ) ( klama1 (go-er(s)) )            <<        >> ] 
1 2                   2 3                   3            4         4  1 

-------------------------
__STDERR
----------
-------------------------
