############################################################
PROGRAM : vlatai
========================================
STDIN :
----------

catrtfredo
catrnfredo
mlibdenu

-------------------------
========================================
Exit status : 0
Core dumped : NO
Signal      : 0
========================================
__STDOUT
----------
                          : UNMATCHED : 
catrtfredo                : fu'ivla (stage-3 short rafsi) :  cat/r/tfredo
catrnfredo                : fu'ivla (stage-3) :  catr/n/fredo
mlibdenu                  : fu'ivla (stage-4) :  mlibdenu
-------------------------
__STDERR
----------
-------------------------
############################################################
PROGRAM : jbofihe -x -b
========================================
STDIN :
----------
catrtfredo
-------------------------
========================================
Exit status : 0
Core dumped : NO
Signal      : 0
========================================
__STDOUT
----------
[ << catrtfredo                >> ] 
[ << being chart(s)-[tfredo]?? >> ] 
[ <<                           >> ] 
1 2                            2  1 

-------------------------
__STDERR
----------
-------------------------
############################################################
PROGRAM : jbofihe -x -b
========================================
STDIN :
----------
catrnfredo
-------------------------
========================================
Exit status : 0
Core dumped : NO
Signal      : 0
========================================
__STDOUT
----------
[ << catrnfredo         >> ] 
[ << kill-ing-[fredo]?? >> ] 
[ <<                    >> ] 
1 2                     2  1 

-------------------------
__STDERR
----------
-------------------------
############################################################
PROGRAM : jbofihe -x -b
========================================
STDIN :
----------
mlibdenu
-------------------------
========================================
Exit status : 0
Core dumped : NO
Signal      : 0
========================================
__STDOUT
----------
[ << mlibdenu >> ] 
[ << ???      >> ] 
[ <<          >> ] 
1 2           2  1 

-------------------------
__STDERR
----------
-------------------------
############################################################
PROGRAM : jbofihe -x -b
========================================
STDIN :
----------
gugdrkore,a
-------------------------
========================================
Exit status : 0
Core dumped : NO
Signal      : 0
========================================
__STDOUT
----------
[ << gugdrkore,a                   >> ] 
[ << being country(ies)-[kore,a]?? >> ] 
[ <<                               >> ] 
1 2                                2  1 

-------------------------
__STDERR
----------
-------------------------
############################################################
PROGRAM : jbofihe -x -b
========================================
STDIN :
----------
gugd,r,kore,a
-------------------------
========================================
Exit status : 0
Core dumped : NO
Signal      : 0
========================================
__STDOUT
----------
[ << gugd,r,kore,a                 >> ] 
[ << being country(ies)-[kore,a]?? >> ] 
[ <<                               >> ] 
1 2                                2  1 

-------------------------
__STDERR
----------
-------------------------
############################################################
PROGRAM : jbofihe -x -b
========================================
STDIN :
----------
gugd,rkore,a
-------------------------
========================================
Exit status : 0
Core dumped : NO
Signal      : 0
========================================
__STDOUT
----------
[ << gugd,rkore,a                  >> ] 
[ << being country(ies)-[kore,a]?? >> ] 
[ <<                               >> ] 
1 2                                2  1 

-------------------------
__STDERR
----------
-------------------------
############################################################
PROGRAM : jbofihe -x -b
========================================
STDIN :
----------
gugdr,kore,a
-------------------------
========================================
Exit status : 0
Core dumped : NO
Signal      : 0
========================================
__STDOUT
----------
[ << gugdr,kore,a                  >> ] 
[ << being country(ies)-[kore,a]?? >> ] 
[ <<                               >> ] 
1 2                                2  1 

-------------------------
__STDERR
----------
-------------------------
