############################################################
PROGRAM : jbofihe -x -b
========================================
STDIN :
----------
kamtcexau
-------------------------
========================================
Exit status : 0
Core dumped : NO
Signal      : 0
========================================
__STDOUT
----------
[ << kamtcexau                                     >> ] 
[ << being quality(ies) of extreme-good thing(s)?? >> ] 
[ <<                                               >> ] 
1 2                                                2  1 

-------------------------
__STDERR
----------
-------------------------
