############################################################
PROGRAM : jbofihe -sev
========================================
STDIN :
----------
ko'a xi re boi paroi klama le zarci
-------------------------
========================================
NOTE : Cannot omit boi here, has free after
========================================
Exit status : 0
Core dumped : NO
Signal      : 0
========================================
__STDOUT
----------
Early shift hazards for words 'boi' (at line 1 col 12)
   <- boi
  X| <- <NEXT WORD>

(0[{ko'a <xi re boi>} {<(1pa roi)1 klama> <le zarci>}])0
-------------------------
__STDERR
----------
-------------------------
############################################################
PROGRAM : jbofihe -sev
========================================
STDIN :
----------
mu boi to mi viska toi nanmu cu klama le zarci
-------------------------
========================================
NOTE : Can't omit boi here. Check boi+free keeps boi reqd
========================================
Exit status : 0
Core dumped : NO
Signal      : 0
========================================
__STDOUT
----------
Early shift hazards for words 'toi' (at line 1 col 20)
   <- toi
  X| <- <NEXT WORD>

Early shift hazards for words 'cu' (at line 1 col 30)
   <- cu
  X| <- <NEXT WORD>

(0[{<mu boi (1to [mi viska] toi)1> nanmu} cu {klama <le zarci>}])0
-------------------------
__STDERR
----------
-------------------------
############################################################
PROGRAM : jbofihe -sev
========================================
STDIN :
----------
vei mu boi ve'o to mi viska toi nanmu cu klama le zarci
-------------------------
========================================
NOTE : Can omit boi here but not ve'o
========================================
Exit status : 0
Core dumped : NO
Signal      : 0
========================================
__STDOUT
----------
Early shift hazards for words 'boi' (at line 1 col 8)
   <- boi
   | <- <NEXT WORD>

You could omit the word 'boi' (at line 1 col 8)

Early shift hazards for words 'toi' (at line 1 col 29)
   <- toi
  X| <- <NEXT WORD>

Early shift hazards for words 'cu' (at line 1 col 39)
   <- cu
  X| <- <NEXT WORD>

(0[{<vei (1mu boi)1 ve'o (1to [mi viska] toi)1> nanmu} cu {klama <le zarci>}])0
-------------------------
__STDERR
----------
-------------------------
############################################################
PROGRAM : jbofihe -sev
========================================
STDIN :
----------
mu boi xi re boi xi pa boi le nanmu cu zvati
-------------------------
========================================
NOTE : Can omit the 2nd and 3rd boi but not the first
========================================
Exit status : 0
Core dumped : NO
Signal      : 0
========================================
__STDOUT
----------
Early shift hazards for words 'boi' (at line 1 col 14)
   <- boi
   | <- <NEXT WORD>

You could omit the word 'boi' (at line 1 col 14)

Early shift hazards for words 'boi' (at line 1 col 24)
   <- boi
   | <- <NEXT WORD>

You could omit the word 'boi' (at line 1 col 24)

Early shift hazards for words 'cu' (at line 1 col 37)
   <- cu
  X| <- <NEXT WORD>

(0[{<mu boi (1[xi re boi] [xi pa boi])1> <le nanmu>} cu zvati])0
-------------------------
__STDERR
----------
-------------------------
############################################################
PROGRAM : jbofihe -sev
========================================
STDIN :
----------
mi xi re boi cu pa roi klama le zarci
-------------------------
========================================
NOTE : Either boi or cu is acceptable as minimal
========================================
Exit status : 0
Core dumped : NO
Signal      : 0
========================================
__STDOUT
----------
Early shift hazards for words 'boi cu'
 (from line 1 col 10 to line 1 col 14)
   <- boi
   | <- cu
  X| | <- <NEXT WORD>

The words 'boi cu'
 (from line 1 col 10 to line 1 col 14)
could be safely reduced to any of these minimal patterns:
  Pattern 1 :  boi
  Pattern 2 :  cu

(0[{mi <xi re boi>} cu {<(1pa roi)1 klama> <le zarci>}])0
-------------------------
__STDERR
----------
-------------------------
############################################################
PROGRAM : jbofihe -sev
========================================
STDIN :
----------
mi poi nanca li cici boi vau ku'o mu zdani cu viska
-------------------------
========================================
NOTE : mu would shift between vau and ku'o
========================================
Exit status : 0
Core dumped : NO
Signal      : 0
========================================
__STDOUT
----------
Early shift hazards for words 'boi vau ku'o'
 (from line 1 col 22 to line 1 col 30)
   <- boi
   | <- vau
   | | <- ku'o
  X|X| | <- <NEXT WORD>

The words 'boi vau ku'o'
 (from line 1 col 22 to line 1 col 30)
could be safely reduced to any of these minimal patterns:
  Pattern 1 :  vau
  Pattern 2 :  ku'o

Early shift hazards for words 'cu' (at line 1 col 44)
   <- cu
  X| <- <NEXT WORD>

(0[{<mi (1poi [nanca {<li (2[ci ci] boi)2> vau}] ku'o)1> <mu zdani>} cu viska])0
-------------------------
__STDERR
----------
-------------------------
