############################################################
PROGRAM : jvocuhadju nu limna
========================================
========================================
Exit status : 0
Core dumped : NO
Signal      : 0
========================================
__STDOUT
----------
Possible rafsi for input words :
nun 
limna 
--------------------
 Score  Lujvo
--------------------
  7937 nunlimna
-------------------------
__STDERR
----------
-------------------------
############################################################
PROGRAM : jvocuhadju gerku zdani
========================================
========================================
Exit status : 0
Core dumped : NO
Signal      : 0
========================================
__STDOUT
----------
Possible rafsi for input words :
ger ge'u 
zda 
--------------------
 Score  Lujvo
--------------------
  5878 gerzda
  6367 ge'uzda
-------------------------
__STDERR
----------
-------------------------
############################################################
PROGRAM : jvocuhadju sonci sanmi
========================================
========================================
Exit status : 0
Core dumped : NO
Signal      : 0
========================================
__STDOUT
----------
Possible rafsi for input words :
son soi 
sai 
--------------------
 Score  Lujvo
--------------------
  5867 sonsai
  6936 soirsai
-------------------------
__STDERR
----------
-------------------------
############################################################
PROGRAM : jvocuhadju co'a sipna
========================================
========================================
Exit status : 0
Core dumped : NO
Signal      : 0
========================================
__STDOUT
----------
Possible rafsi for input words :
co'a 
sipna 
--------------------
 Score  Lujvo
--------------------
  9526 co'arsipna
-------------------------
__STDERR
----------
-------------------------
############################################################
PROGRAM : jvocuhadju coha sipna
========================================
========================================
Exit status : 0
Core dumped : NO
Signal      : 0
========================================
__STDOUT
----------
Possible rafsi for input words :
co'a 
sipna 
--------------------
 Score  Lujvo
--------------------
  9526 co'arsipna
-------------------------
__STDERR
----------
-------------------------
############################################################
PROGRAM : jvocuhadju sonci mutce
========================================
========================================
Exit status : 0
Core dumped : NO
Signal      : 0
========================================
__STDOUT
----------
Possible rafsi for input words :
son soi 
tce 
--------------------
 Score  Lujvo
--------------------
  5847 soitce
  6978 sonytce
-------------------------
__STDERR
----------
-------------------------
