############################################################
PROGRAM : jbofihe -x -b
========================================
STDIN :
----------
petso
-------------------------
========================================
Exit status : 0
Core dumped : NO
Signal      : 0
========================================
__STDOUT
----------
[ << petso           >> ] 
[ << being 10**15(s) >> ] 
[ <<                 >> ] 
1 2                  2  1 

-------------------------
__STDERR
----------
-------------------------
############################################################
PROGRAM : jbofihe -x -b
========================================
STDIN :
----------
femti
-------------------------
========================================
Exit status : 0
Core dumped : NO
Signal      : 0
========================================
__STDOUT
----------
[ << femti            >> ] 
[ << being 10**-15(s) >> ] 
[ <<                  >> ] 
1 2                   2  1 

-------------------------
__STDERR
----------
-------------------------
############################################################
PROGRAM : jbofihe -x -b
========================================
STDIN :
----------
petso ciste
-------------------------
========================================
Exit status : 0
Core dumped : NO
Signal      : 0
========================================
__STDOUT
----------
[ << |  petso                ciste            | >> ] 
[ << |  10**15-ish [type-of] being system(s)  | >> ] 
[ <<  \                                      /  >> ] 
1 2  3                                       3  2  1 

-------------------------
__STDERR
----------
-------------------------
############################################################
PROGRAM : jbofihe -x -b
========================================
STDIN :
----------
femti ciste
-------------------------
========================================
Exit status : 0
Core dumped : NO
Signal      : 0
========================================
__STDOUT
----------
[ << |  femti                 ciste            | >> ] 
[ << |  10**-15-ish [type-of] being system(s)  | >> ] 
[ <<  \                                       /  >> ] 
1 2  3                                        3  2  1 

-------------------------
__STDERR
----------
-------------------------
############################################################
PROGRAM : jbofihe -x -b
========================================
STDIN :
----------
le petso cu xamgu
-------------------------
========================================
Exit status : 0
Core dumped : NO
Signal      : 0
========================================
__STDOUT
----------
[ ( le                     petso     ) cu      << xamgu      >> ] 
[ ( the                    10**15(s) ) is/does << being good >> ] 
[ ( xamgu1 (good thing(s))           )         <<            >> ] 
1 2                                  2         3             3  1 

-------------------------
__STDERR
----------
-------------------------
############################################################
PROGRAM : jbofihe -x -b
========================================
STDIN :
----------
le femti cu xamgu
-------------------------
========================================
Exit status : 0
Core dumped : NO
Signal      : 0
========================================
__STDOUT
----------
[ ( le                     femti      ) cu      << xamgu      >> ] 
[ ( the                    10**-15(s) ) is/does << being good >> ] 
[ ( xamgu1 (good thing(s))            )         <<            >> ] 
1 2                                   2         3             3  1 

-------------------------
__STDERR
----------
-------------------------
############################################################
PROGRAM : jbofihe -x -b
========================================
STDIN :
----------
le petso ciste cu xamgu
-------------------------
========================================
Exit status : 0
Core dumped : NO
Signal      : 0
========================================
__STDOUT
----------
[ ( le                     |  petso                ciste      | ) cu      << 
[ ( the                    |  10**15-ish [type-of] system(s)  | ) is/does << 
[ ( xamgu1 (good thing(s))  \                                /  )         << 
1 2                        3                                 3  2         4  

xamgu      >> ] 
being good >> ] 
           >> ] 
           4  1 

-------------------------
__STDERR
----------
-------------------------
############################################################
PROGRAM : jbofihe -x -b
========================================
STDIN :
----------
le femti ciste cu xamgu
-------------------------
========================================
Exit status : 0
Core dumped : NO
Signal      : 0
========================================
__STDOUT
----------
[ ( le                     |  femti                 ciste      | ) cu      << 
[ ( the                    |  10**-15-ish [type-of] system(s)  | ) is/does << 
[ ( xamgu1 (good thing(s))  \                                 /  )         << 
1 2                        3                                  3  2         4  

xamgu      >> ] 
being good >> ] 
           >> ] 
           4  1 

-------------------------
__STDERR
----------
-------------------------
