############################################################
PROGRAM : jbofihe -x -b
========================================
STDIN :
----------
le nanmu ui cai cu klama
-------------------------
========================================
Exit status : 0
Core dumped : NO
Signal      : 0
========================================
__STDOUT
----------
[ ( le                nanmu   .ui cai               ) cu      << klama  >> ] 
[ ( the               man/men {extreme happiness..} ) is/does << go-ing >> ] 
[ ( klama1 (go-er(s))                               )         <<        >> ] 
1 2                                                 2         3         3  1 

-------------------------
__STDERR
----------
-------------------------
############################################################
PROGRAM : jbofihe -x -b
========================================
STDIN :
----------
le za'e ba'e nanmu ui cai cu klama
-------------------------
========================================
Exit status : 0
Core dumped : NO
Signal      : 0
========================================
__STDOUT
----------
[ ( le                za'e            ba'e           nanmu   
[ ( the               nonce-word next emphasize next man/men 
[ ( klama1 (go-er(s))                                        
1 2                                                          

.ui cai               ) cu      << klama  >> ] 
{extreme happiness..} ) is/does << go-ing >> ] 
                      )         <<        >> ] 
                      2         3         3  1 

-------------------------
__STDERR
----------
-------------------------
############################################################
PROGRAM : jbofihe -x -b
========================================
STDIN :
----------
le nanmu cu klama ui cai
-------------------------
========================================
Exit status : 0
Core dumped : NO
Signal      : 0
========================================
__STDOUT
----------
[ ( le                nanmu   ) cu      << klama  .ui cai               >> ] 
[ ( the               man/men ) is/does << go-ing {extreme happiness..} >> ] 
[ ( klama1 (go-er(s))         )         <<                              >> ] 
1 2                           2         3                               3  1 

-------------------------
__STDERR
----------
-------------------------
