############################################################
PROGRAM : jbofihe -t
========================================
STDIN :
----------
le nanmu ui cu zvati
-------------------------
========================================
Exit status : 0
Core dumped : NO
Signal      : 0
========================================
__STDOUT
----------
| | +-CMAVO : le [LE]
| | | +-BRIVLA : nanmu
| | | +-CMAVO : ui [UI1]
| | +-AUGMENTED
| +-SUMTI_6
| +-CMAVO : cu [CU]
| +-BRIVLA : zvati
+-SENTENCE
CHUNKS
-------------------------
__STDERR
----------
-------------------------
############################################################
PROGRAM : jbofihe -t
========================================
STDIN :
----------
le nanmu ui cai cu zvati
-------------------------
========================================
Exit status : 0
Core dumped : NO
Signal      : 0
========================================
__STDOUT
----------
| | +-CMAVO : le [LE]
| | | +-BRIVLA : nanmu
| | | +-CMAVO : ui [UI1]
| | | +-CMAVO : cai [CAI]
| | +-AUGMENTED
| +-SUMTI_6
| +-CMAVO : cu [CU]
| +-BRIVLA : zvati
+-SENTENCE
CHUNKS
-------------------------
__STDERR
----------
-------------------------
############################################################
PROGRAM : jbofihe -t
========================================
STDIN :
----------
le nanmu ui nai cu zvati
-------------------------
========================================
Exit status : 0
Core dumped : NO
Signal      : 0
========================================
__STDOUT
----------
| | +-CMAVO : le [LE]
| | | +-BRIVLA : nanmu
| | | +-CMAVO : ui [UI1]
| | | +-CMAVO : nai [NAI]
| | +-AUGMENTED
| +-SUMTI_6
| +-CMAVO : cu [CU]
| +-BRIVLA : zvati
+-SENTENCE
CHUNKS
-------------------------
__STDERR
----------
-------------------------
############################################################
PROGRAM : jbofihe -t
========================================
STDIN :
----------
le nanmu ui cai nai cu zvati
-------------------------
========================================
Exit status : 0
Core dumped : NO
Signal      : 0
========================================
__STDOUT
----------
| | +-CMAVO : le [LE]
| | | +-BRIVLA : nanmu
| | | +-CMAVO : ui [UI1]
| | | +-CMAVO : cai [CAI]
| | | +-CMAVO : nai [NAI]
| | +-AUGMENTED
| +-SUMTI_6
| +-CMAVO : cu [CU]
| +-BRIVLA : zvati
+-SENTENCE
CHUNKS
-------------------------
__STDERR
----------
-------------------------
############################################################
PROGRAM : jbofihe -t
========================================
STDIN :
----------
le nanmu ui nai pei nai cu zvati
-------------------------
========================================
Exit status : 0
Core dumped : NO
Signal      : 0
========================================
__STDOUT
----------
| | +-CMAVO : le [LE]
| | | +-BRIVLA : nanmu
| | | +-CMAVO : ui [UI1]
| | | +-CMAVO : nai [NAI]
| | | +-CMAVO : pei [CAI]
| | | +-CMAVO : nai [NAI]
| | +-AUGMENTED
| +-SUMTI_6
| +-CMAVO : cu [CU]
| +-BRIVLA : zvati
+-SENTENCE
CHUNKS
-------------------------
__STDERR
----------
-------------------------
############################################################
PROGRAM : jbofihe -t
========================================
STDIN :
----------
ui le nanmu cu zvati
-------------------------
========================================
Exit status : 0
Core dumped : NO
Signal      : 0
========================================
__STDOUT
----------
| +-CMAVO : ui [UI1]
| | | +-CMAVO : le [LE]
| | | +-BRIVLA : nanmu
| | +-SUMTI_6
| | +-CMAVO : cu [CU]
| | +-BRIVLA : zvati
| +-SENTENCE
+-TEXT
CHUNKS
-------------------------
__STDERR
----------
-------------------------
############################################################
PROGRAM : jbofihe -t
========================================
STDIN :
----------
ui cai le nanmu cu zvati
-------------------------
========================================
Exit status : 0
Core dumped : NO
Signal      : 0
========================================
__STDOUT
----------
| +-CMAVO : ui [UI1]
| +-CMAVO : cai [CAI]
| | | +-CMAVO : le [LE]
| | | +-BRIVLA : nanmu
| | +-SUMTI_6
| | +-CMAVO : cu [CU]
| | +-BRIVLA : zvati
| +-SENTENCE
+-TEXT
CHUNKS
-------------------------
__STDERR
----------
-------------------------
############################################################
PROGRAM : jbofihe -t
========================================
STDIN :
----------
ui nai le nanmu cu zvati
-------------------------
========================================
Exit status : 0
Core dumped : NO
Signal      : 0
========================================
__STDOUT
----------
| +-CMAVO : ui [UI1]
| +-CMAVO : nai [NAI]
| | | +-CMAVO : le [LE]
| | | +-BRIVLA : nanmu
| | +-SUMTI_6
| | +-CMAVO : cu [CU]
| | +-BRIVLA : zvati
| +-SENTENCE
+-TEXT
CHUNKS
-------------------------
__STDERR
----------
-------------------------
############################################################
PROGRAM : jbofihe -t
========================================
STDIN :
----------
ui cai nai le nanmu cu zvati
-------------------------
========================================
Exit status : 0
Core dumped : NO
Signal      : 0
========================================
__STDOUT
----------
| +-CMAVO : ui [UI1]
| +-CMAVO : cai [CAI]
| +-CMAVO : nai [NAI]
| | | +-CMAVO : le [LE]
| | | +-BRIVLA : nanmu
| | +-SUMTI_6
| | +-CMAVO : cu [CU]
| | +-BRIVLA : zvati
| +-SENTENCE
+-TEXT
CHUNKS
-------------------------
__STDERR
----------
-------------------------
############################################################
PROGRAM : jbofihe -t
========================================
STDIN :
----------
ui nai pei nai le nanmu cu zvati
-------------------------
========================================
Exit status : 0
Core dumped : NO
Signal      : 0
========================================
__STDOUT
----------
| +-CMAVO : ui [UI1]
| +-CMAVO : nai [NAI]
| +-CMAVO : pei [CAI]
| +-CMAVO : nai [NAI]
| | | +-CMAVO : le [LE]
| | | +-BRIVLA : nanmu
| | +-SUMTI_6
| | +-CMAVO : cu [CU]
| | +-BRIVLA : zvati
| +-SENTENCE
+-TEXT
CHUNKS
-------------------------
__STDERR
----------
-------------------------
############################################################
PROGRAM : jbofihe
========================================
STDIN :
----------
le nanmu ui cu zvati
-------------------------
========================================
Exit status : 0
Core dumped : NO
Signal      : 0
========================================
__STDOUT
----------
(0[{le <nanmu ui>} cu zvati])0
-------------------------
__STDERR
----------
-------------------------
############################################################
PROGRAM : jbofihe
========================================
STDIN :
----------
le nanmu ui cai cu zvati
-------------------------
========================================
Exit status : 0
Core dumped : NO
Signal      : 0
========================================
__STDOUT
----------
(0[{le <nanmu ui cai>} cu zvati])0
-------------------------
__STDERR
----------
-------------------------
############################################################
PROGRAM : jbofihe
========================================
STDIN :
----------
le nanmu ui nai cu zvati
-------------------------
========================================
Exit status : 0
Core dumped : NO
Signal      : 0
========================================
__STDOUT
----------
(0[{le <nanmu ui nai>} cu zvati])0
-------------------------
__STDERR
----------
-------------------------
############################################################
PROGRAM : jbofihe
========================================
STDIN :
----------
le nanmu ui cai nai cu zvati
-------------------------
========================================
Exit status : 0
Core dumped : NO
Signal      : 0
========================================
__STDOUT
----------
(0[{le <nanmu ui cai nai>} cu zvati])0
-------------------------
__STDERR
----------
-------------------------
############################################################
PROGRAM : jbofihe
========================================
STDIN :
----------
le nanmu ui nai pei nai cu zvati
-------------------------
========================================
Exit status : 0
Core dumped : NO
Signal      : 0
========================================
__STDOUT
----------
(0[{le <nanmu ui nai pei>} cu zvati])0
-------------------------
__STDERR
----------
-------------------------
############################################################
PROGRAM : jbofihe
========================================
STDIN :
----------
ui le nanmu cu zvati
-------------------------
========================================
Exit status : 0
Core dumped : NO
Signal      : 0
========================================
__STDOUT
----------
(0[ui {<le nanmu> cu zvati}])0
-------------------------
__STDERR
----------
-------------------------
############################################################
PROGRAM : jbofihe
========================================
STDIN :
----------
ui cai le nanmu cu zvati
-------------------------
========================================
Exit status : 0
Core dumped : NO
Signal      : 0
========================================
__STDOUT
----------
(0[ui cai {<le nanmu> cu zvati}])0
-------------------------
__STDERR
----------
-------------------------
############################################################
PROGRAM : jbofihe
========================================
STDIN :
----------
ui nai le nanmu cu zvati
-------------------------
========================================
Exit status : 0
Core dumped : NO
Signal      : 0
========================================
__STDOUT
----------
(0[ui nai {<le nanmu> cu zvati}])0
-------------------------
__STDERR
----------
-------------------------
############################################################
PROGRAM : jbofihe
========================================
STDIN :
----------
ui cai nai le nanmu cu zvati
-------------------------
========================================
Exit status : 0
Core dumped : NO
Signal      : 0
========================================
__STDOUT
----------
(0[ui cai nai {<le nanmu> cu zvati}])0
-------------------------
__STDERR
----------
-------------------------
############################################################
PROGRAM : jbofihe
========================================
STDIN :
----------
ui nai pei nai le nanmu cu zvati
-------------------------
========================================
Exit status : 0
Core dumped : NO
Signal      : 0
========================================
__STDOUT
----------
(0[ui nai pei {<le nanmu> cu zvati}])0
-------------------------
__STDERR
----------
-------------------------
############################################################
PROGRAM : jbofihe
========================================
STDIN :
----------
le ba'e nanmu ui cu zvati
-------------------------
========================================
Exit status : 0
Core dumped : NO
Signal      : 0
========================================
__STDOUT
----------
(0[{le <ba'e nanmu ui>} cu zvati])0
-------------------------
__STDERR
----------
-------------------------
############################################################
PROGRAM : jbofihe
========================================
STDIN :
----------
le za'e ba'e nanmu ui cu zvati
-------------------------
========================================
Exit status : 0
Core dumped : NO
Signal      : 0
========================================
__STDOUT
----------
(0[{le <za'e ba'e nanmu ui>} cu zvati])0
-------------------------
__STDERR
----------
-------------------------
############################################################
PROGRAM : jbofihe
========================================
STDIN :
----------
ba'e le ba'e nanmu ui cu zvati
-------------------------
========================================
Exit status : 0
Core dumped : NO
Signal      : 0
========================================
__STDOUT
----------
(0[{<ba'e le> <ba'e nanmu ui>} cu zvati])0
-------------------------
__STDERR
----------
-------------------------
