############################################################
PROGRAM : jbofihe -x -b
========================================
STDIN :
----------
la LONdon cu se nelci
-------------------------
========================================
Exit status : 0
Core dumped : NO
Signal      : 0
========================================
__STDOUT
----------
[ ( la                      LONdon. ) cu      << se nelci    >> ] 
[ (                         [NAME]  ) is/does << being liked >> ] 
[ ( nelci2 (liked thing(s))         )         <<             >> ] 
1 2                                 2         3              3  1 

-------------------------
__STDERR
----------
-------------------------
############################################################
PROGRAM : jbofihe -x -b
========================================
STDIN :
----------
LA LONdon cu se nelci
-------------------------
========================================
Exit status : 3
Core dumped : NO
Signal      : 0
========================================
__STDOUT
----------
-------------------------
__STDERR
----------
Invalid uppercase letters in word 'LA' at line 1 column 1
-------------------------
############################################################
PROGRAM : jbofihe -x -b
========================================
STDIN :
----------
la lonDON cu se nElci
-------------------------
========================================
Exit status : 3
Core dumped : NO
Signal      : 0
========================================
__STDOUT
----------
-------------------------
__STDERR
----------
Invalid uppercase letters in word 'nElci' at line 1 column 17
-------------------------
