############################################################
PROGRAM : jbofihe -x -b
========================================
STDIN :
----------
zei
-------------------------
========================================
Exit status : 3
Core dumped : NO
Signal      : 0
========================================
__STDOUT
----------
-------------------------
__STDERR
----------
Cannot have 'zei' at the start of the text
-------------------------
############################################################
PROGRAM : jbofihe -k
========================================
STDIN :
----------
zei
-------------------------
========================================
Exit status : 3
Core dumped : NO
Signal      : 0
========================================
__STDOUT
----------

Token list before preprocessing

CMV : zei [lujvo glue]
-------------------------
__STDERR
----------
Cannot have 'zei' at the start of the text
-------------------------
############################################################
PROGRAM : jbofihe -t
========================================
STDIN :
----------
zei
-------------------------
========================================
Exit status : 3
Core dumped : NO
Signal      : 0
========================================
__STDOUT
----------
-------------------------
__STDERR
----------
Cannot have 'zei' at the start of the text
-------------------------
############################################################
PROGRAM : jbofihe -x -b
========================================
STDIN :
----------
zei klama
-------------------------
========================================
Exit status : 3
Core dumped : NO
Signal      : 0
========================================
__STDOUT
----------
-------------------------
__STDERR
----------
Cannot have 'zei' at the start of the text
-------------------------
############################################################
PROGRAM : jbofihe -k
========================================
STDIN :
----------
zei klama
-------------------------
========================================
Exit status : 3
Core dumped : NO
Signal      : 0
========================================
__STDOUT
----------

Token list before preprocessing

CMV : zei [lujvo glue]
BRV : klama
-------------------------
__STDERR
----------
Cannot have 'zei' at the start of the text
-------------------------
############################################################
PROGRAM : jbofihe -t
========================================
STDIN :
----------
zei klama
-------------------------
========================================
Exit status : 3
Core dumped : NO
Signal      : 0
========================================
__STDOUT
----------
-------------------------
__STDERR
----------
Cannot have 'zei' at the start of the text
-------------------------
############################################################
PROGRAM : jbofihe -x -b
========================================
STDIN :
----------
zei zei
-------------------------
========================================
Exit status : 3
Core dumped : NO
Signal      : 0
========================================
__STDOUT
----------
-------------------------
__STDERR
----------
Cannot have 'zei' at the start of the text
Cannot have 'zei' at the end of the text
-------------------------
############################################################
PROGRAM : jbofihe -k
========================================
STDIN :
----------
zei zei
-------------------------
========================================
Exit status : 3
Core dumped : NO
Signal      : 0
========================================
__STDOUT
----------

Token list before preprocessing

CMV : zei [lujvo glue]
CMV : zei [lujvo glue]
-------------------------
__STDERR
----------
Cannot have 'zei' at the start of the text
Cannot have 'zei' at the end of the text
-------------------------
############################################################
PROGRAM : jbofihe -t
========================================
STDIN :
----------
zei zei
-------------------------
========================================
Exit status : 3
Core dumped : NO
Signal      : 0
========================================
__STDOUT
----------
-------------------------
__STDERR
----------
Cannot have 'zei' at the start of the text
Cannot have 'zei' at the end of the text
-------------------------
############################################################
PROGRAM : jbofihe -x -b
========================================
STDIN :
----------
klama zei
-------------------------
========================================
Exit status : 3
Core dumped : NO
Signal      : 0
========================================
__STDOUT
----------
-------------------------
__STDERR
----------
Cannot have 'zei' at the end of the text
-------------------------
############################################################
PROGRAM : jbofihe -k
========================================
STDIN :
----------
klama zei
-------------------------
========================================
Exit status : 3
Core dumped : NO
Signal      : 0
========================================
__STDOUT
----------

Token list before preprocessing

BRV : klama
CMV : zei [lujvo glue]
-------------------------
__STDERR
----------
Cannot have 'zei' at the end of the text
-------------------------
############################################################
PROGRAM : jbofihe -t
========================================
STDIN :
----------
klama zei
-------------------------
========================================
Exit status : 3
Core dumped : NO
Signal      : 0
========================================
__STDOUT
----------
-------------------------
__STDERR
----------
Cannot have 'zei' at the end of the text
-------------------------
############################################################
PROGRAM : jbofihe -x -b
========================================
STDIN :
----------
o'o zei cinmo
-------------------------
========================================
Exit status : 0
Core dumped : NO
Signal      : 0
========================================
__STDOUT
----------
[ << |  o'o zei cinmo  | >> ] 
[ << |  being patient  | >> ] 
[ <<  \               /  >> ] 
1 2  3                3  2  1 

-------------------------
__STDERR
----------
-------------------------
############################################################
PROGRAM : jbofihe -k
========================================
STDIN :
----------
o'o zei cinmo
-------------------------
========================================
Exit status : 0
Core dumped : NO
Signal      : 0
========================================
__STDOUT
----------

Token list before preprocessing

CMV : o'o [patience]
CMV : zei [lujvo glue]
BRV : cinmo
------------------------------
Token list after preprocessing

ZEI : o'o zei cinmo
------------------------------

(0{o'o zei cinmo
})0
-------------------------
__STDERR
----------
-------------------------
############################################################
PROGRAM : jbofihe -t
========================================
STDIN :
----------
o'o zei cinmo
-------------------------
========================================
Exit status : 0
Core dumped : NO
Signal      : 0
========================================
__STDOUT
----------
+-ZEI : o'o zei cinmo
CHUNKS
-------------------------
__STDERR
----------
-------------------------
############################################################
PROGRAM : jbofihe -x -b
========================================
STDIN :
----------
o'o zei nai zei cinmo
-------------------------
========================================
Exit status : 0
Core dumped : NO
Signal      : 0
========================================
__STDOUT
----------
[ << |  o'o zei nai zei cinmo  | >> ] 
[ << |  being impatient        | >> ] 
[ <<  \                       /  >> ] 
1 2  3                        3  2  1 

-------------------------
__STDERR
----------
-------------------------
############################################################
PROGRAM : jbofihe -k
========================================
STDIN :
----------
o'o zei nai zei cinmo
-------------------------
========================================
Exit status : 0
Core dumped : NO
Signal      : 0
========================================
__STDOUT
----------

Token list before preprocessing

CMV : o'o [patience]
CMV : zei [lujvo glue]
CMV : nai [negate last word]
CMV : zei [lujvo glue]
BRV : cinmo
------------------------------
Token list after preprocessing

ZEI : o'o zei nai zei cinmo
------------------------------

(0{o'o zei nai zei cinmo
})0
-------------------------
__STDERR
----------
-------------------------
############################################################
PROGRAM : jbofihe -t
========================================
STDIN :
----------
o'o zei nai zei cinmo
-------------------------
========================================
Exit status : 0
Core dumped : NO
Signal      : 0
========================================
__STDOUT
----------
+-ZEI : o'o zei nai zei cinmo
CHUNKS
-------------------------
__STDERR
----------
-------------------------
############################################################
PROGRAM : jbofihe -x -b
========================================
STDIN :
----------
zo o'o zei cinmo
-------------------------
========================================
Exit status : 0
Core dumped : NO
Signal      : 0
========================================
__STDOUT
----------
[ << |  zo+o'o zei cinmo                                | >> ] 
[ << |  1-word quote??-patience??-emotional thing(s)??  | >> ] 
[ <<  \                                                /  >> ] 
1 2  3                                                 3  2  1 

-------------------------
__STDERR
----------
-------------------------
############################################################
PROGRAM : jbofihe -k
========================================
STDIN :
----------
zo o'o zei cinmo
-------------------------
========================================
Exit status : 0
Core dumped : NO
Signal      : 0
========================================
__STDOUT
----------

Token list before preprocessing

CMV : zo [1-word quote]
CMV : o'o [patience]
CMV : zei [lujvo glue]
BRV : cinmo
------------------------------
Token list after preprocessing

ZEI : zo+o'o zei cinmo
------------------------------

(0{zo+o'o zei cinmo
})0
-------------------------
__STDERR
----------
-------------------------
############################################################
PROGRAM : jbofihe -t
========================================
STDIN :
----------
zo o'o zei cinmo
-------------------------
========================================
Exit status : 0
Core dumped : NO
Signal      : 0
========================================
__STDOUT
----------
+-ZEI : zo+o'o zei cinmo
CHUNKS
-------------------------
__STDERR
----------
-------------------------
############################################################
PROGRAM : jbofihe -x -b
========================================
STDIN :
----------
o'o zei si cinmo
-------------------------
========================================
Exit status : 0
Core dumped : NO
Signal      : 0
========================================
__STDOUT
----------
.o'o         [ << cinmo           >> ] 
{patience..} [ << being emotional >> ] 
             [ <<                 >> ] 
             1 2                  2  1 

-------------------------
__STDERR
----------
-------------------------
############################################################
PROGRAM : jbofihe -k
========================================
STDIN :
----------
o'o zei si cinmo
-------------------------
========================================
Exit status : 0
Core dumped : NO
Signal      : 0
========================================
__STDOUT
----------

Token list before preprocessing

CMV : o'o [patience]
CMV : zei [lujvo glue]
CMV : si [erase word]
BRV : cinmo
------------------------------
Token list after preprocessing

CMV : o'o [patience]
BRV : cinmo
------------------------------

(0[o'o cinmo])0
-------------------------
__STDERR
----------
-------------------------
############################################################
PROGRAM : jbofihe -t
========================================
STDIN :
----------
o'o zei si cinmo
-------------------------
========================================
Exit status : 0
Core dumped : NO
Signal      : 0
========================================
__STDOUT
----------
| +-CMAVO : o'o [UI1]
| +-BRIVLA : cinmo
+-TEXT
CHUNKS
-------------------------
__STDERR
----------
-------------------------
############################################################
PROGRAM : jbofihe -x -b
========================================
STDIN :
----------
o'o ba'e zei cinmo
-------------------------
========================================
Exit status : 0
Core dumped : NO
Signal      : 0
========================================
__STDOUT
----------
.o'o         [ << |  ba'e zei cinmo                         | >> ] 
{patience..} [ << |  emphasize next??-emotional thing(s)??  | >> ] 
             [ <<  \                                       /  >> ] 
             1 2  3                                        3  2  1 

-------------------------
__STDERR
----------
-------------------------
############################################################
PROGRAM : jbofihe -k
========================================
STDIN :
----------
o'o ba'e zei cinmo
-------------------------
========================================
Exit status : 0
Core dumped : NO
Signal      : 0
========================================
__STDOUT
----------

Token list before preprocessing

CMV : o'o [patience]
CMV : ba'e [emphasize next]
CMV : zei [lujvo glue]
BRV : cinmo
------------------------------
Token list after preprocessing

CMV : o'o [patience]
ZEI : ba'e zei cinmo
------------------------------

(0[o'o<ba'e zei cinmo
>])0
-------------------------
__STDERR
----------
-------------------------
############################################################
PROGRAM : jbofihe -t
========================================
STDIN :
----------
o'o ba'e zei cinmo
-------------------------
========================================
Exit status : 0
Core dumped : NO
Signal      : 0
========================================
__STDOUT
----------
| +-CMAVO : o'o [UI1]
| +-ZEI : ba'e zei cinmo
+-TEXT
CHUNKS
-------------------------
__STDERR
----------
-------------------------
############################################################
PROGRAM : jbofihe -x -b
========================================
STDIN :
----------
zo o'o si zei cinmo
-------------------------
========================================
Exit status : 0
Core dumped : NO
Signal      : 0
========================================
__STDOUT
----------
[ << |  <Defective erasure> zei cinmo  | >> ] 
[ << |  ? type-of emotion              | >> ] 
[ <<  \                               /  >> ] 
1 2  3                                3  2  1 

-------------------------
__STDERR
----------
-------------------------
############################################################
PROGRAM : jbofihe -k
========================================
STDIN :
----------
zo o'o si zei cinmo
-------------------------
========================================
Exit status : 0
Core dumped : NO
Signal      : 0
========================================
__STDOUT
----------

Token list before preprocessing

CMV : zo [1-word quote]
CMV : o'o [patience]
CMV : si [erase word]
CMV : zei [lujvo glue]
BRV : cinmo
------------------------------
Token list after preprocessing

ZEI : <Defective erasure> zei cinmo
------------------------------

(0{<Defective erasure> zei cinmo
})0
-------------------------
__STDERR
----------
-------------------------
############################################################
PROGRAM : jbofihe -t
========================================
STDIN :
----------
zo o'o si zei cinmo
-------------------------
========================================
Exit status : 0
Core dumped : NO
Signal      : 0
========================================
__STDOUT
----------
+-ZEI : <Defective erasure> zei cinmo
CHUNKS
-------------------------
__STDERR
----------
-------------------------
############################################################
PROGRAM : jbofihe -x -b
========================================
STDIN :
----------
zoi xy. o'o zei cinmo xy.
-------------------------
========================================
Exit status : 0
Core dumped : NO
Signal      : 0
========================================
__STDOUT
----------
[ ( zoi xy o'o zei cinmo xy ) ] 
[ ( ?                       ) ] 
[ (                         ) ] 
1 2                         2 1 

-------------------------
__STDERR
----------
Warning: Sentence may be missing selbri at line 1 column 1?
-------------------------
############################################################
PROGRAM : jbofihe -k
========================================
STDIN :
----------
zoi xy. o'o zei cinmo xy.
-------------------------
========================================
Exit status : 0
Core dumped : NO
Signal      : 0
========================================
__STDOUT
----------

Token list before preprocessing

ZOI : o'o zei cinmo
------------------------------
Token list after preprocessing

ZOI : o'o zei cinmo
------------------------------

(0zoi xy o'o zei cinmo xy)0
-------------------------
__STDERR
----------
Warning: Sentence may be missing selbri at line 1 column 1?
-------------------------
############################################################
PROGRAM : jbofihe -t
========================================
STDIN :
----------
zoi xy. o'o zei cinmo xy.
-------------------------
========================================
Exit status : 0
Core dumped : NO
Signal      : 0
========================================
__STDOUT
----------
+-ZOI : o'o zei cinmo
CHUNKS
-------------------------
__STDERR
----------
Warning: Sentence may be missing selbri at line 1 column 1?
-------------------------
